2026-01-04 02:38:49,309 | INFO | app | operations:12 | Суммирование прошло успешно, ответ 15
2026-01-04 02:38:49,309 | INFO | app | operations:18 | Вычитание прошло успешно, ответ 7
2026-01-04 02:38:49,310 | INFO | app | operations:24 | Умножение прошло успешно, ответ 44
2026-01-04 02:38:49,310 | INFO | app | operations:34 | Деление прошло успешно, ответ 2.75
2026-01-04 02:38:49,310 | INFO | app | operations:12 | Суммирование прошло успешно, ответ 7
2026-01-04 02:38:49,310 | INFO | app | operations:18 | Вычитание прошло успешно, ответ -5
2026-01-04 02:38:49,310 | INFO | app | operations:24 | Умножение прошло успешно, ответ 6
2026-01-04 02:38:49,310 | INFO | app | operations:34 | Деление прошло успешно, ответ 0.16666666666666666
2026-01-04 02:38:49,310 | INFO | app | operations:12 | Суммирование прошло успешно, ответ 6
2026-01-04 02:38:49,310 | INFO | app | operations:18 | Вычитание прошло успешно, ответ 6
2026-01-04 02:38:49,310 | INFO | app | operations:24 | Умножение прошло успешно, ответ 0
2026-01-04 02:38:49,310 | ERROR | app | operations:36 | Нельзя делить на ноль!
Traceback (most recent call last):
  File "C:\Users\User\PycharmProjects\profipython\project_gpt\operations.py", line 31, in div
    raise ZeroDivisionError('Деление на ноль не определено!')
ZeroDivisionError: Деление на ноль не определено!
2026-01-04 02:38:49,312 | INFO | app | operations:12 | Суммирование прошло успешно, ответ 14
2026-01-04 02:38:49,312 | INFO | app | operations:18 | Вычитание прошло успешно, ответ 4
2026-01-04 02:38:49,312 | INFO | app | operations:24 | Умножение прошло успешно, ответ 45
2026-01-04 02:38:49,312 | INFO | app | operations:34 | Деление прошло успешно, ответ 1.8
2026-01-04 02:38:49,312 | INFO | app | operations:12 | Суммирование прошло успешно, ответ 3
2026-01-04 02:38:49,312 | INFO | app | operations:18 | Вычитание прошло успешно, ответ -3
2026-01-04 02:38:49,312 | INFO | app | operations:24 | Умножение прошло успешно, ответ 0
2026-01-04 02:38:49,312 | INFO | app | operations:34 | Деление прошло успешно, ответ 0.0
